CLASS-00798 0.126243 [bgnoise]
CLASS-00798 0.271372 [laugh]
CLASS-00798 0.0258449 [mouth_noise]
CLASS-00566 0.274611 [unintelligible]
CLASS-00574 0.995188 a
CLASS-00798 0.00497018 aaa
CLASS-00304 0.00705467 abajo
CLASS-00790 0.003861 abuela
CLASS-00708 0.135948 aca
CLASS-00039 0.00366569 acaba
CLASS-00569 0.00516351 acabar
CLASS-00039 0.00513196 acabo
CLASS-00404 0.010142 acordaba
CLASS-00312 0.0055325 acta
CLASS-00790 0.00496415 acuerdas
CLASS-00790 0.00441258 acuerdo
CLASS-00304 0.00440917 adelante
CLASS-00136 0.015361 ademas
CLASS-00240 0.0147601 adentro
CLASS-00708 0.0143791 afuera
CLASS-00708 0.0130719 agosto
CLASS-00552 0.862992 ah
CLASS-00798 0.026839 aha
CLASS-00708 0.237908 ahi
CLASS-00136 0.164363 ahora
CLASS-00708 0.0562092 ahorita
CLASS-00798 0.208748 aja
CLASS-00312 0.0899032 al
CLASS-00790 0.00330943 alegria
CLASS-00790 0.00441258 alegro
CLASS-00635 0.00998004 alemania
CLASS-00635 0.0159681 alfredo
CLASS-00304 0.0537919 algo
CLASS-00398 0.00694444 alguien
CLASS-00133 0.0280612 algun
CLASS-00216 0.0277778 alguna
CLASS-00304 0.0996473 alla
CLASS-00136 0.0691244 alli
CLASS-00798 0.00994036 alo
CLASS-00360 0.0126582 amaya
CLASS-00566 0.00518135 americana
CLASS-00790 0.00717044 amiga
CLASS-00312 0.00691563 amigo
CLASS-00790 0.0110314 amor
CLASS-00566 0.00621762 amorcito
CLASS-00240 0.00922509 analisis
CLASS-00389 0.0337478 anda
CLASS-00569 0.00516351 andar
CLASS-00312 0.0117566 ano
CLASS-00304 0.0176367 anos
CLASS-00240 0.0553506 antes
CLASS-00312 0.00622407 apartamento
CLASS-00708 0.211765 aqui
CLASS-00887 0.0105263 araucaria
CLASS-00304 0.00440917 archivos
CLASS-00569 0.00516351 arreglar
CLASS-00304 0.010582 arriba
CLASS-00312 0.00345781 aseo
CLASS-00389 0.380107 asi
CLASS-00312 0.00484094 asunto
CLASS-00305 0.0316302 aunque
CLASS-00312 0.00414938 auto
CLASS-00569 0.00774527 averiguar
CLASS-00444 0.240484 ay
CLASS-00540 0.088141 ayer
CLASS-00398 0.0127315 bambu
CLASS-00240 0.0129151 barato
CLASS-00630 0.00858369 barbaro
CLASS-00012 0.0280374 bastante
CLASS-00304 0.00705467 bautizo
CLASS-00790 0.00551572 bebe
CLASS-00134 0.00870647 benjamin
CLASS-00012 0.343124 bien
CLASS-00566 0.00829016 boluda
CLASS-00012 0.00801068 bonitas
CLASS-00012 0.0200267 bonito
CLASS-00312 0.00345781 brasil
CLASS-00133 0.0153061 buen
CLASS-00216 0.0213675 buena
CLASS-00630 0.479256 bueno
CLASS-00005 0.00919118 buenos
CLASS-00569 0.0197935 buscar
CLASS-00630 0.0143062 c
CLASS-00790 0.00275786 cabeza
CLASS-00133 0.0255102 cada
CLASS-00790 0.00772201 caja
CLASS-00635 0.011976 california
CLASS-00790 0.003861 calle
CLASS-00790 0.00496415 cama
CLASS-00390 0.00577367 cambia
CLASS-00569 0.0060241 cambiar
CLASS-00312 0.00484094 cambio
CLASS-00312 0.00345781 camino
CLASS-00312 0.00622407 carajo
CLASS-00052 0.0289855 carlos
CLASS-00398 0.0277778 carmen
CLASS-00012 0.0133511 caro
CLASS-00312 0.011065 carro
CLASS-00790 0.0259239 carta
CLASS-00304 0.010582 cartas
CLASS-00790 0.046332 casa
CLASS-00304 0.00529101 casado
CLASS-00887 0.0231579 casi
CLASS-00039 0.00513196 caso
CLASS-00240 0.0110701 catorce
CLASS-00398 0.00578704 cecilia
CLASS-00240 0.0258303 cerca
CLASS-00682 0.0160772 chama
CLASS-00444 0.0138408 chao
CLASS-00566 0.00932642 che
CLASS-00566 0.00621762 cheche
CLASS-00312 0.00345781 cheque
CLASS-00630 0.0100143 chevere
CLASS-00790 0.00882515 chile
CLASS-00566 0.00621762 chiquita
CLASS-00630 0.00715308 chismes
CLASS-00552 0.00787402 chuta
CLASS-00134 0.0124378 cien
CLASS-00134 0.0149254 ciento
CLASS-00087 0.002331 cierto
CLASS-00134 0.0621891 cinco
CLASS-00134 0.0199005 cincuenta
CLASS-00790 0.00551572 ciudad
CLASS-00444 0.342561 claro
CLASS-00790 0.00330943 clase
CLASS-00304 0.0141093 clases
CLASS-00039 0.00513196 cobran
CLASS-00790 0.00496415 cocina
CLASS-00312 0.00691563 colegio
CLASS-00569 0.00774527 comer
CLASS-00887 0.774737 como
CLASS-00790 0.00330943 compania
CLASS-00304 0.00440917 comprado
CLASS-00569 0.0146299 comprar
CLASS-00039 0.0117302 compre
CLASS-00790 0.00496415 compro
CLASS-00790 0.00496415 computadora
CLASS-00386 0.00465116 computadoras
CLASS-00580 0.960422 con
CLASS-00134 0.00621891 conclusiones
CLASS-00790 0.00330943 confirmacion
CLASS-00240 0.0184502 conmigo
CLASS-00630 0.0143062 cono
CLASS-00623 0.00551876 consigo
CLASS-00312 0.00484094 contacto
CLASS-00682 0.0096463 contame
CLASS-00039 0.00439883 conte
CLASS-00012 0.00801068 contenta
CLASS-00744 0.0228833 contigo
CLASS-00790 0.003861 conto
CLASS-00312 0.00345781 corazon
CLASS-00312 0.00968188 correo
CLASS-00790 0.0264755 cosa
CLASS-00304 0.0776014 cosas
CLASS-00312 0.00484094 credito
CLASS-00623 0.0695364 creo
CLASS-00389 0.0230906 cual
CLASS-00133 0.0229592 cualquier
CLASS-00540 0.205128 cuando
CLASS-00005 0.0110294 cuantas
CLASS-00540 0.0496795 cuanto
CLASS-00134 0.0174129 cuarenta
CLASS-00312 0.00622407 cuarto
CLASS-00134 0.0447761 cuatro
CLASS-00790 0.0143409 cuenta
CLASS-00389 0.0159858 cuentame
CLASS-00790 0.003861 cuento
CLASS-00790 0.00661886 cuestion
CLASS-00304 0.00440917 cuestiones
CLASS-00312 0.00829876 cumpleanos
CLASS-00630 0.0143062 d
CLASS-00039 0.016129 da
CLASS-00304 0.00440917 dado
CLASS-00623 0.00551876 dale
CLASS-00039 0.0139296 dan
CLASS-00012 0.0106809 dando
CLASS-00569 0.0154905 dar
CLASS-00386 0.00465116 das
CLASS-00304 0.00529101 datos
CLASS-00626 0.975374 de
CLASS-00305 0.0437956 debe
CLASS-00790 0.00772201 decia
CLASS-00389 0.0124334 decile
CLASS-00569 0.035284 decir
CLASS-00389 0.0248668 decirle
CLASS-00574 0.00481155 dejame
CLASS-00569 0.00860585 dejar
CLASS-00623 0.00662252 deje
CLASS-00039 0.00513196 dejo
CLASS-00404 0.210953 del
CLASS-00566 0.00518135 demas
CLASS-00012 0.00934579 demasiado
CLASS-00708 0.00653595 dentro
CLASS-00312 0.00760719 departamento
CLASS-00256 0.0183639 depende
CLASS-00047 0.031401 desde
CLASS-00136 0.101382 despues
CLASS-00623 0.00551876 di
CLASS-00312 0.0726141 dia
CLASS-00312 0.00345781 diablo
CLASS-00304 0.0449735 dias
CLASS-00790 0.0479868 dice
CLASS-00790 0.00882515 dicen
CLASS-00790 0.00441258 dices
CLASS-00304 0.0238095 dicho
CLASS-00635 0.0239521 diciembre
CLASS-00012 0.0186916 diciendo
CLASS-00312 0.0055325 dieciocho
CLASS-00039 0.0109971 dieron
CLASS-00134 0.0273632 diez
CLASS-00134 0.00621891 diferentes
CLASS-00012 0.0133511 dificil
CLASS-00039 0.00659824 diga
CLASS-00033 0.010929 digale
CLASS-00240 0.0221402 digamos
CLASS-00039 0.00439883 digas
CLASS-00790 0.030888 digo
CLASS-00790 0.0369553 dije
CLASS-00790 0.00661886 dijeron
CLASS-00790 0.00496415 dijiste
CLASS-00790 0.0540541 dijo
CLASS-00630 0.0171674 dile
CLASS-00566 0.0238342 dime
CLASS-00312 0.0103734 dinero
CLASS-00039 0.0117302 dio
CLASS-00635 0.0838323 dios
CLASS-00790 0.00827358 direccion
CLASS-00312 0.00622407 disco
CLASS-00312 0.00345781 doble
CLASS-00304 0.0114638 doce
CLASS-00312 0.00760719 doctor
CLASS-00304 0.0291005 dolares
CLASS-00312 0.00968188 domingo
CLASS-00136 0.130568 donde
CLASS-00569 0.00688468 dormir
CLASS-00134 0.110697 dos
CLASS-00134 0.0149254 doscientos
CLASS-00039 0.00439883 doy
CLASS-00012 0.00801068 durmiendo
CLASS-00566 0.00725389 duro
CLASS-00790 0.003861 e
CLASS-00790 0.003861 e_t-shirt
CLASS-00708 0.00653595 edu
CLASS-00682 0.0144695 eee
CLASS-00444 0.266436 eh
CLASS-00136 0.0384025 ejemplo
CLASS-00907 0.920398 el
CLASS-00312 0.00414938 electronico
CLASS-00398 0.186343 ella
CLASS-00398 0.0578704 ellos
CLASS-00039 0.00366569 empece
CLASS-00569 0.00860585 empezar
CLASS-00039 0.00439883 empezaron
CLASS-00887 0.0126316 empezo
CLASS-00790 0.00275786 empresa
CLASS-00817 0.9344 en
CLASS-00790 0.00330943 encuentro
CLASS-00312 0.0103734 enero
CLASS-00398 0.00925926 enrique
CLASS-00566 0.00829016 entendes
CLASS-00039 0.0058651 entendi
CLASS-00566 0.00725389 entendis
CLASS-00790 0.00330943 entere
CLASS-00390 0.00923788 entiende
CLASS-00790 0.0165472 entiendes
CLASS-00540 0.341346 entonces
CLASS-00304 0.00440917 entrar
CLASS-00569 0.0060241 enviar
CLASS-00033 0.0669399 era
CLASS-00623 0.00551876 eran
CLASS-00033 0.829235 es
CLASS-00216 0.134615 esa
CLASS-00005 0.0477941 esas
CLASS-00039 0.00439883 escribi
CLASS-00039 0.00733138 escribio
CLASS-00569 0.00516351 escribir
CLASS-00304 0.00705467 escrito
CLASS-00630 0.0200286 escuchame
CLASS-00012 0.00801068 escuchando
CLASS-00790 0.00496415 escuela
CLASS-00907 0.0696517 ese
CLASS-00398 0.342593 eso
CLASS-00005 0.0422794 esos
CLASS-00635 0.0139721 espana
CLASS-00389 0.0159858 espera
CLASS-00012 0.012016 esperando
CLASS-00052 0.0144928 esperar
CLASS-00552 0.0251969 esperate
CLASS-00623 0.00551876 espero
CLASS-00390 0.411085 esta
CLASS-00390 0.115473 estaba
CLASS-00390 0.0138568 estabamos
CLASS-00390 0.017321 estaban
CLASS-00390 0.00692841 estabas
CLASS-00304 0.0167549 estado
CLASS-00635 0.0239521 estados
CLASS-00390 0.034642 estamos
CLASS-00390 0.0889145 estan
CLASS-00569 0.0490534 estar
CLASS-00390 0.0727483 estas
CLASS-00389 0.300178 este
CLASS-00398 0.0428241 esto
CLASS-00005 0.0238971 estos
CLASS-00390 0.120092 estoy
CLASS-00012 0.00801068 estudiando
CLASS-00569 0.0137694 estudiar
CLASS-00052 0.0144928 estupendo
CLASS-00390 0.0127021 estuve
CLASS-00305 0.0145985 estuviera
CLASS-00390 0.0161663 estuvo
CLASS-00136 0.0107527 evelyn
CLASS-00171 0.0161043 exacto
CLASS-00312 0.0055325 examen
CLASS-00304 0.00617284 examenes
CLASS-00012 0.00667557 facil
CLASS-00623 0.0121413 falta
CLASS-00790 0.00496415 familia
CLASS-00240 0.00922509 fantastico
CLASS-00312 0.00691563 favor
CLASS-00312 0.00345781 fax
CLASS-00790 0.003861 fecha
CLASS-00907 0.00497512 feliz
CLASS-00444 0.0242215 fijate
CLASS-00566 0.00621762 fijese
CLASS-00635 0.0139721 filadelfia
CLASS-00312 0.0117566 fin
CLASS-00312 0.00760719 final
CLASS-00790 0.003861 foto
CLASS-00304 0.0149912 fotos
CLASS-00708 0.00653595 francia
CLASS-00005 0.00919118 freenet
CLASS-00039 0.0058651 frente
CLASS-00566 0.0145078 frio
CLASS-00039 0.0821114 fue
CLASS-00708 0.0287582 fuera
CLASS-00039 0.00659824 fueron
CLASS-00039 0.0124633 fui
CLASS-00039 0.0109971 fuimos
CLASS-00039 0.00806452 fuiste
CLASS-00790 0.00275786 fundacion
CLASS-00630 0.00858369 g
CLASS-00312 0.00414938 gallo
CLASS-00304 0.00529101 ganas
CLASS-00744 0.0114416 general
CLASS-00790 0.015444 gente
CLASS-00398 0.00694444 geraldine
CLASS-00744 0.020595 gilberto
CLASS-00790 0.00661886 gorda
CLASS-00566 0.00725389 gordo
CLASS-00790 0.00275786 grabacion
CLASS-00630 0.0329041 gracias
CLASS-00790 0.00441258 gran
CLASS-00012 0.0267023 grande
CLASS-00240 0.0147601 gratis
CLASS-00312 0.00414938 guaton
CLASS-00790 0.003861 gusta
CLASS-00790 0.00330943 gusto
CLASS-00216 0.0320513 h
CLASS-00404 0.255578 ha
CLASS-00569 0.0146299 haber
CLASS-00404 0.111562 habia
CLASS-00404 0.0223124 habian
CLASS-00404 0.010142 habias
CLASS-00256 0.0166945 habla
CLASS-00304 0.00881834 hablado
CLASS-00039 0.00953079 hablamos
CLASS-00012 0.024032 hablando
CLASS-00569 0.035284 hablar
CLASS-00039 0.00366569 hablaste
CLASS-00039 0.0168622 hable
CLASS-00390 0.0254042 hablo
CLASS-00404 0.010142 habra
CLASS-00623 0.0629139 hace
CLASS-00039 0.00733138 hacen
CLASS-00569 0.0765921 hacer
CLASS-00569 0.0060241 hacerlo
CLASS-00390 0.00692841 haces
CLASS-00623 0.00662252 hacia
CLASS-00012 0.0373832 haciendo
CLASS-00404 0.0669371 han
CLASS-00404 0.0547667 has
CLASS-00837 0.146868 hasta
CLASS-00623 0.140177 hay
CLASS-00404 0.010142 haya
CLASS-00404 0.127789 he
CLASS-00304 0.0246914 hecho
CLASS-00404 0.020284 hemos
CLASS-00790 0.00496415 hermana
CLASS-00790 0.00330943 hermano
CLASS-00623 0.0121413 hice
CLASS-00240 0.0221402 hija
CLASS-00566 0.0321244 hijo
CLASS-00790 0.003861 historia
CLASS-00039 0.00733138 hizo
CLASS-00798 0.00994036 hola
CLASS-00171 0.00996933 hombre
CLASS-00790 0.00882515 hora
CLASS-00304 0.0176367 horas
CLASS-00566 0.00621762 horrible
CLASS-00312 0.00345781 hotel
CLASS-00540 0.088141 hoy
CLASS-00404 0.0121704 hubiera
CLASS-00312 0.00414938 huevon
CLASS-00216 0.0192308 i
CLASS-00039 0.0469208 iba
CLASS-00039 0.00366569 ibamos
CLASS-00039 0.00733138 iban
CLASS-00635 0.00998004 ibm
CLASS-00240 0.0184502 idea
CLASS-00304 0.0132275 ido
CLASS-00790 0.00496415 iglesia
CLASS-00887 0.0421053 igual
CLASS-00444 0.0294118 imaginate
CLASS-00790 0.00441258 imagino
CLASS-00687 0.00688705 importa
CLASS-00566 0.00621762 importante
CLASS-00312 0.00829876 ingles
CLASS-00569 0.0576592 ir
CLASS-00398 0.0127315 irma
CLASS-00708 0.00784314 irme
CLASS-00708 0.027451 jefa
CLASS-00566 0.00829016 joda
CLASS-00052 0.02657 jorge
CLASS-00312 0.00484094 jose
CLASS-00635 0.00998004 juan
CLASS-00312 0.0055325 jueves
CLASS-00398 0.00925926 julio
CLASS-00240 0.0110701 juntos
CLASS-00790 0.00661886 juro
CLASS-00052 0.0144928 justo
CLASS-00444 0.0190311 knoxville
CLASS-00216 0.0277778 l
CLASS-00386 0.977674 la
CLASS-00312 0.00484094 laboratorio
CLASS-00312 0.011065 lado
CLASS-00790 0.00330943 lados
CLASS-00304 0.00529101 ladrones
CLASS-00134 0.330846 las
CLASS-00569 0.00688468 lavar
CLASS-00106 0.772321 le
CLASS-00708 0.00784314 leche
CLASS-00566 0.00829016 lechuga
CLASS-00012 0.0106809 lejos
CLASS-00106 0.0580357 les
CLASS-00304 0.00705467 letras
CLASS-00790 0.00275786 ley
CLASS-00626 0.00439754 libras
CLASS-00087 0.002331 libre
CLASS-00790 0.00275786 licencia
CLASS-00630 0.0143062 linda
CLASS-00630 0.0114449 lindo
CLASS-00052 0.0120773 lindsey
CLASS-00511 0.0107527 listo
CLASS-00039 0.0227273 llama
CLASS-00790 0.00275786 llamada
CLASS-00304 0.00793651 llamado
CLASS-00012 0.00667557 llamando
CLASS-00569 0.0215146 llamar
CLASS-00540 0.0112179 llamaste
CLASS-00039 0.0102639 llame
CLASS-00790 0.0209597 llamo
CLASS-00039 0.0109971 llega
CLASS-00304 0.0114638 llegado
CLASS-00569 0.0154905 llegar
CLASS-00039 0.00366569 llegaron
CLASS-00039 0.0197947 llego
CLASS-00360 0.0110759 llegue
CLASS-00039 0.00366569 lleva
CLASS-00569 0.010327 llevar
CLASS-00039 0.00513196 lleve
CLASS-00039 0.0124633 llevo
CLASS-00256 0.834725 lo
CLASS-00566 0.00518135 loca
CLASS-00005 0.511029 los
CLASS-00136 0.0430108 luego
CLASS-00312 0.00345781 lugar
CLASS-00386 0.00465116 luis
CLASS-00312 0.0159059 lunes
CLASS-00398 0.00578704 luz
CLASS-00441 0.00465477 m
CLASS-00790 0.00606729 madre
CLASS-00012 0.0427236 mal
CLASS-00240 0.00922509 mala
CLASS-00790 0.00441258 maleta
CLASS-00012 0.00801068 malo
CLASS-00790 0.0518478 mama
CLASS-00444 0.0536332 mami
CLASS-00444 0.0103806 mamita
CLASS-00540 0.102564 manana
CLASS-00039 0.00659824 manda
CLASS-00304 0.0141093 mandado
CLASS-00887 0.0189474 mandame
CLASS-00039 0.00366569 mandan
CLASS-00012 0.0106809 mandando
CLASS-00569 0.0215146 mandar
CLASS-00039 0.00366569 mandaron
CLASS-00790 0.00441258 mandaste
CLASS-00039 0.026393 mande
CLASS-00039 0.0322581 mando
CLASS-00790 0.00275786 manera
CLASS-00304 0.0132275 maneras
CLASS-00398 0.00578704 manuel
CLASS-00790 0.00275786 maquina
CLASS-00907 0.00497512 maria
CLASS-00136 0.00768049 mario
CLASS-00511 0.00645161 marita
CLASS-00398 0.00925926 marta
CLASS-00312 0.00691563 martes
CLASS-00052 0.0144928 mary
CLASS-00240 0.440959 mas
CLASS-00039 0.00439883 mataron
CLASS-00454 1 me
CLASS-00052 0.0241546 mechita
CLASS-00136 0.0276498 media
CLASS-00312 0.00622407 medico
CLASS-00790 0.00717044 medida
CLASS-00136 0.0230415 medio
CLASS-00744 0.125858 mejor
CLASS-00312 0.00345781 menaje
CLASS-00569 0.0464716 menos
CLASS-00312 0.0103734 mensaje
CLASS-00744 0.0251716 mentira
CLASS-00312 0.0117566 mes
CLASS-00304 0.0149912 meses
CLASS-00569 0.00516351 meter
CLASS-00635 0.439122 mi
CLASS-00682 0.0176849 mia
CLASS-00635 0.011976 miami
CLASS-00136 0.00921659 mientras
CLASS-00312 0.0055325 miercoles
CLASS-00566 0.0124352 mierda
CLASS-00630 0.00715308 mija
CLASS-00682 0.0192926 mijo
CLASS-00304 0.026455 mil
CLASS-00304 0.015873 minutos
CLASS-00790 0.00661886 mio
CLASS-00630 0.105866 mira
CLASS-00682 0.0450161 mire
CLASS-00005 0.0275735 mis
CLASS-00790 0.00717044 misma
CLASS-00312 0.0165975 mismo
CLASS-00798 0.236581 mmm
CLASS-00312 0.00622407 modem
CLASS-00790 0.00661886 modos
CLASS-00312 0.0159059 momento
CLASS-00790 0.0099283 monica
CLASS-00312 0.0055325 monton
CLASS-00569 0.00516351 morir
CLASS-00569 0.0060241 mover
CLASS-00216 0.0277778 mucha
CLASS-00790 0.00441258 muchacha
CLASS-00312 0.00829876 muchacho
CLASS-00134 0.0199005 muchas
CLASS-00240 0.0129151 muchisimo
CLASS-00240 0.116236 mucho
CLASS-00133 0.0153061 muchos
CLASS-00312 0.0152144 mundo
CLASS-00012 0.116155 muy
CLASS-00304 0.148148 nada
CLASS-00398 0.0231481 nadie
CLASS-00790 0.00441258 navidad
CLASS-00033 0.00956284 necesita
CLASS-00305 0.0121655 necesitas
CLASS-00623 0.00551876 necesito
CLASS-00312 0.00345781 negocio
CLASS-00312 0.00345781 negro
CLASS-00240 0.132841 ni
CLASS-00790 0.00441258 nina
CLASS-00133 0.0306122 ningun
CLASS-00240 0.0110701 ninguna
CLASS-00240 0.00922509 ninguno
CLASS-00566 0.00621762 nino
CLASS-00304 0.00529101 ninos
CLASS-00145 0.985646 no
CLASS-00790 0.0148924 noche
CLASS-00312 0.00484094 nombre
CLASS-00566 0.00829016 normal
CLASS-00106 0.15625 nos
CLASS-00136 0.0399386 nosotros
CLASS-00304 0.00440917 noticias
CLASS-00312 0.00691563 noventa
CLASS-00552 0.00944882 noviembre
CLASS-00312 0.00622407 novio
CLASS-00216 0.0128205 nueva
CLASS-00134 0.0273632 nueve
CLASS-00708 0.00915033 nuevo
CLASS-00304 0.00617284 numeros
CLASS-00398 0.0208333 nunca
CLASS-00305 0.686131 o
CLASS-00312 0.00414938 obispo
CLASS-00312 0.0290456 ocho
CLASS-00790 0.003861 oficina
CLASS-00552 0.0519685 oh
CLASS-00566 0.0103627 oiga
CLASS-00566 0.00725389 oiste
CLASS-00389 0.0248668 ojala
CLASS-00798 0.0646123 okey
CLASS-00039 0.00439883 olvide
CLASS-00790 0.00551572 olvido
CLASS-00134 0.0174129 once
CLASS-00790 0.003861 onda
CLASS-00216 0.113248 otra
CLASS-00134 0.0199005 otras
CLASS-00312 0.049101 otro
CLASS-00005 0.0165441 otros
CLASS-00630 0.175966 oye
CLASS-00216 0.0149573 p
CLASS-00136 0.015361 pablo
CLASS-00039 0.00513196 paga
CLASS-00304 0.00440917 pagado
CLASS-00569 0.010327 pagar
CLASS-00039 0.00953079 pague
CLASS-00389 0.0106572 pai
CLASS-00312 0.0055325 pais
CLASS-00790 0.0137893 papa
CLASS-00312 0.00345781 papel
CLASS-00304 0.00440917 papeles
CLASS-00566 0.00932642 papito
CLASS-00837 0.809935 para
CLASS-00623 0.0551876 parece
CLASS-00635 0.0159681 paris
CLASS-00790 0.00717044 parte
CLASS-00304 0.00440917 partes
CLASS-00398 0.0509259 pasa
CLASS-00304 0.0229277 pasado
CLASS-00312 0.00345781 pasaje
CLASS-00304 0.00529101 pasajes
CLASS-00012 0.00801068 pasando
CLASS-00569 0.00946644 pasar
CLASS-00039 0.00513196 pase
CLASS-00569 0.00430293 paseo
CLASS-00790 0.0215113 paso
CLASS-00790 0.00441258 pata
CLASS-00630 0.0100143 paty
CLASS-00569 0.00516351 pedir
CLASS-00790 0.0110314 pena
CLASS-00304 0.00617284 pensado
CLASS-00012 0.00667557 pensando
CLASS-00708 0.0104575 peor
CLASS-00798 0.00695825 perfecto
CLASS-00682 0.840836 pero
CLASS-00790 0.00441258 persona
CLASS-00304 0.00881834 personas
CLASS-00312 0.00484094 peso
CLASS-00304 0.0114638 pesos
CLASS-00312 0.00414938 piso
CLASS-00790 0.00275786 pitita
CLASS-00790 0.00937672 plata
CLASS-00540 0.0192308 pobre
CLASS-00798 0.00795229 pobrecito
CLASS-00312 0.0200553 poco
CLASS-00305 0.0121655 podemos
CLASS-00134 0.00746269 poder
CLASS-00305 0.0364964 podia
CLASS-00304 0.00881834 podido
CLASS-00256 0.00834725 podis
CLASS-00256 0.00834725 podria
CLASS-00312 0.00414938 pollo
CLASS-00569 0.010327 poner
CLASS-00312 0.0103734 poquito
CLASS-00047 0.942029 por
CLASS-00744 0.768879 porque
CLASS-00790 0.00275786 posibilidad
CLASS-00790 0.00496415 postal
CLASS-00304 0.00440917 preguntado
CLASS-00569 0.00430293 preguntar
CLASS-00039 0.0058651 pregunte
CLASS-00790 0.00330943 pregunto
CLASS-00039 0.00659824 preocupes
CLASS-00216 0.0106838 primera
CLASS-00817 0.008 primeramente
CLASS-00708 0.0222222 primero
CLASS-00312 0.00414938 principio
CLASS-00312 0.0138313 problema
CLASS-00304 0.00793651 problemas
CLASS-00790 0.00441258 pucha
CLASS-00305 0.0121655 pudo
CLASS-00039 0.00513196 pueda
CLASS-00039 0.0285924 puede
CLASS-00305 0.0194647 pueden
CLASS-00305 0.0486618 puedes
CLASS-00404 0.0669371 puedo
CLASS-00566 0.318135 pues
CLASS-00304 0.00529101 puesto
CLASS-00134 0.0161692 punto
CLASS-00039 0.00439883 puse
CLASS-00039 0.00366569 puso
CLASS-00630 0.0200286 puta
CLASS-00087 0.995338 que
CLASS-00039 0.00659824 queda
CLASS-00304 0.00440917 quedado
CLASS-00569 0.00860585 quedar
CLASS-00039 0.00439883 quedaron
CLASS-00390 0.0127021 quede
CLASS-00790 0.011583 quedo
CLASS-00256 0.0300501 queria
CLASS-00398 0.0671296 quien
CLASS-00305 0.0681265 quiere
CLASS-00305 0.0145985 quieren
CLASS-00256 0.0350584 quieres
CLASS-00256 0.048414 quiero
CLASS-00134 0.0261194 quince
CLASS-00134 0.00746269 quinientos
CLASS-00052 0.0169082 quique
CLASS-00398 0.00578704 ramon
CLASS-00240 0.0129151 rapido
CLASS-00398 0.00810185 raro
CLASS-00312 0.00484094 ratito
CLASS-00312 0.00622407 rato
CLASS-00012 0.0226969 re
CLASS-00145 0.00531632 realmente
CLASS-00304 0.00617284 recibido
CLASS-00630 0.00715308 recibio
CLASS-00005 0.0110294 recibiste
CLASS-00389 0.0248668 recien
CLASS-00511 0.00967742 regio
CLASS-00106 0.0133929 regreso
CLASS-00708 0.0169935 repente
CLASS-00623 0.00883002 resulta
CLASS-00635 0.0159681 ricardo
CLASS-00630 0.00715308 rico
CLASS-00635 0.00998004 roatan
CLASS-00312 0.00345781 robo
CLASS-00569 0.0129088 rocio
CLASS-00312 0.00414938 rollo
CLASS-00398 0.00810185 roman
CLASS-00790 0.00551572 ropa
CLASS-00312 0.00968188 sabado
CLASS-00033 0.0355191 sabe
CLASS-00569 0.0111876 saber
CLASS-00389 0.104796 sabes
CLASS-00687 0.0330579 sabia
CLASS-00304 0.00529101 sabido
CLASS-00626 0.00615655 sacar
CLASS-00566 0.00518135 saco
CLASS-00623 0.0165563 sale
CLASS-00626 0.00439754 salgo
CLASS-00304 0.00529101 salido
CLASS-00390 0.00577367 salieron
CLASS-00039 0.00366569 salio
CLASS-00569 0.0154905 salir
CLASS-00566 0.00518135 saludos
CLASS-00386 0.00837209 san
CLASS-00687 0.960055 se
CLASS-00569 0.122203 sea
CLASS-00134 0.00621891 sec
CLASS-00790 0.00275786 secadora
CLASS-00569 0.0060241 seguir
CLASS-00623 0.00993377 seguro
CLASS-00134 0.0323383 seis
CLASS-00790 0.0176503 semana
CLASS-00304 0.00440917 semanas
CLASS-00312 0.00968188 senor
CLASS-00790 0.00606729 senora
CLASS-00708 0.0143791 septiembre
CLASS-00569 0.0258176 ser
CLASS-00033 0.0122951 sera
CLASS-00744 0.0251716 seria
CLASS-00635 0.0139721 serio
CLASS-00134 0.00995025 sesenta
CLASS-00134 0.00621891 setenta
CLASS-00171 0.973926 si
CLASS-00304 0.00617284 sido
CLASS-00887 0.0568421 siempre
CLASS-00790 0.00496415 siento
CLASS-00312 0.0179806 siete
CLASS-00390 0.00692841 sigue
CLASS-00626 0.00527704 siguiente
CLASS-00580 0.0395778 sin
CLASS-00837 0.0323974 sino
CLASS-00240 0.00922509 siquiera
CLASS-00790 0.00330943 situacion
CLASS-00047 0.02657 sobre
CLASS-00790 0.00496415 sofia
CLASS-00012 0.0173565 sola
CLASS-00540 0.00961538 solamente
CLASS-00887 0.0610526 solo
CLASS-00005 0.123162 son
CLASS-00390 0.0115473 soy
CLASS-00635 0.103792 su
CLASS-00566 0.0186528 suegra
CLASS-00012 0.0200267 super
CLASS-00623 0.00551876 supongo
CLASS-00136 0.0138249 supuesto
CLASS-00005 0.03125 sus
CLASS-00552 0.0267717 t
CLASS-00052 0.0990338 tal
CLASS-00790 0.00606729 talla
CLASS-00312 0.00345781 taller
CLASS-00708 0.150327 tambien
CLASS-00145 0.00903775 tampoco
CLASS-00012 0.0307076 tan
CLASS-00136 0.0291859 tanto
CLASS-00790 0.0132377 tarde
CLASS-00790 0.00275786 tarjeta
CLASS-00554 1 te
CLASS-00312 0.0207469 telefono
CLASS-00312 0.00345781 televisor
CLASS-00623 0.0286976 tenemos
CLASS-00569 0.0275387 tener
CLASS-00623 0.00772627 tenes
CLASS-00623 0.153422 tengo
CLASS-00623 0.0474614 tenia
CLASS-00623 0.00662252 teniamos
CLASS-00837 0.0107991 tenis
CLASS-00635 0.0139721 tennessee
CLASS-00398 0.0104167 teresa
CLASS-00304 0.00440917 terminos
CLASS-00511 0.00645161 terrible
CLASS-00569 0.0129088 ti
CLASS-00790 0.00441258 tia
CLASS-00312 0.0338866 tiempo
CLASS-00623 0.144592 tiene
CLASS-00623 0.0419426 tienen
CLASS-00623 0.0474614 tienes
CLASS-00312 0.0179806 tipo
CLASS-00540 0.00801282 tiro
CLASS-00039 0.00953079 toca
CLASS-00817 0.0576 toda
CLASS-00005 0.0698529 todas
CLASS-00360 0.106013 todavia
CLASS-00136 0.261137 todo
CLASS-00635 0.143713 todos
CLASS-00012 0.00801068 tomando
CLASS-00569 0.00688468 tomar
CLASS-00566 0.00829016 tono
CLASS-00566 0.00725389 total
CLASS-00012 0.0186916 trabajando
CLASS-00569 0.0111876 trabajar
CLASS-00312 0.0186722 trabajo
CLASS-00623 0.00883002 trae
CLASS-00569 0.0060241 traer
CLASS-00039 0.00366569 traes
CLASS-00404 0.010142 trajo
CLASS-00012 0.0106809 tranquila
CLASS-00012 0.0133511 tranquilo
CLASS-00569 0.00516351 tratar
CLASS-00312 0.0193638 treinta
CLASS-00312 0.00345781 tren
CLASS-00134 0.0659204 tres
CLASS-00134 0.00621891 trescientos
CLASS-00052 0.613527 tu
CLASS-00005 0.0183824 tus
CLASS-00623 0.0121413 tuve
CLASS-00626 0.00439754 tuya
CLASS-00312 0.00414938 tuyo
CLASS-00052 0.0241546 u
CLASS-00511 0.00752688 uh
CLASS-00312 0.0117566 ultimo
CLASS-00133 0.862245 un
CLASS-00216 0.557692 una
CLASS-00134 0.0435323 unas
CLASS-00623 0.00662252 unico
CLASS-00790 0.00551572 unidos
CLASS-00790 0.011583 universidad
CLASS-00540 0.0641026 uno
CLASS-00005 0.0477941 unos
CLASS-00398 0.0451389 usted
CLASS-00398 0.0185185 ustedes
CLASS-00552 0.015748 v
CLASS-00039 0.109971 va
CLASS-00304 0.00617284 vacaciones
CLASS-00790 0.0104799 vaina
CLASS-00623 0.0286976 vale
CLASS-00039 0.0388563 vamos
CLASS-00039 0.0395894 van
CLASS-00134 0.011194 varias
CLASS-00039 0.0293255 vas
CLASS-00039 0.0168622 vaya
CLASS-00630 0.00715308 vayamos
CLASS-00039 0.00733138 vayan
CLASS-00389 0.0284192 ve
CLASS-00623 0.00551876 vea
CLASS-00569 0.0163511 veces
CLASS-00312 0.0165975 veinte
CLASS-00312 0.0055325 veinticuatro
CLASS-00312 0.0055325 veintitres
CLASS-00312 0.00345781 veintiuno
CLASS-00623 0.00551876 venden
CLASS-00360 0.0126582 vengas
CLASS-00304 0.00881834 venido
CLASS-00569 0.0146299 venir
CLASS-00623 0.0154525 veo
CLASS-00569 0.0972461 ver
CLASS-00708 0.0156863 veras
CLASS-00566 0.0974093 verdad
CLASS-00540 0.0128205 veronica
CLASS-00566 0.0238342 ves
CLASS-00790 0.0204082 vez
CLASS-00039 0.00953079 vi
CLASS-00312 0.00622407 viaje
CLASS-00790 0.00882515 vida
CLASS-00312 0.00484094 video
CLASS-00790 0.00496415 vieja
CLASS-00312 0.00622407 viejo
CLASS-00012 0.0146862 viendo
CLASS-00033 0.0355191 viene
CLASS-00390 0.00577367 vienen
CLASS-00312 0.00968188 viernes
CLASS-00039 0.0102639 vino
CLASS-00039 0.00439883 vio
CLASS-00682 0.0369775 viste
CLASS-00304 0.0149912 visto
CLASS-00012 0.0133511 viviendo
CLASS-00569 0.00688468 vivir
CLASS-00635 0.0139721 volver
CLASS-00052 0.0966184 vos
CLASS-00039 0.0989736 voy
CLASS-00790 0.00496415 voz
CLASS-00790 0.00441258 vuelta
CLASS-00630 0.00715308 x
CLASS-00441 0.995345 y
CLASS-00511 0.95914 ya
CLASS-00012 0.0173565 yendo
CLASS-00360 0.857595 yo
CLASS-00790 0.00330943 zapato
