../disambig/newdevtest.ascii: line 5518: 5518 sentences, 47417 words, 5828 OOVs
0 zeroprobs, logprob= 0 ppl= 1 ppl1= 1
5518 sentences, 47417 words, 0 OOVs
0 zeroprobs, logprob= -117005 ppl= 162.315 ppl1= 293.483
